ERROR - 2026-05-20 00:52:09 --> Error connecting to the database: mysqli_sql_exception: No such file or directory in /Applications/XAMPP/xamppfiles/htdocs/sikumi/vendor/codeigniter4/framework/system/Database/MySQLi/Connection.php:201
Stack trace:
#0 /Applications/XAMPP/xamppfiles/htdocs/sikumi/vendor/codeigniter4/framework/system/Database/MySQLi/Connection.php(201): mysqli->real_connect('localhost', 'root', Object(SensitiveParameterValue), 'db_sikumi', 3306, '', 0)
#1 /Applications/XAMPP/xamppfiles/htdocs/sikumi/vendor/codeigniter4/framework/system/Database/BaseConnection.php(555): CodeIgniter\Database\MySQLi\Connection->connect(false)
#2 /Applications/XAMPP/xamppfiles/htdocs/sikumi/vendor/codeigniter4/framework/system/Database/BaseConnection.php(795): CodeIgniter\Database\BaseConnection->initialize()
#3 /Applications/XAMPP/xamppfiles/htdocs/sikumi/vendor/codeigniter4/framework/system/Database/BaseBuilder.php(1649): CodeIgniter\Database\BaseConnection->query('SELECT *\nFROM `...', Array, false)
#4 /Applications/XAMPP/xamppfiles/htdocs/sikumi/vendor/codeigniter4/settings/src/Handlers/DatabaseHandler.php(214): CodeIgniter\Database\BaseBuilder->get()
#5 /Applications/XAMPP/xamppfiles/htdocs/sikumi/vendor/codeigniter4/settings/src/Handlers/DatabaseHandler.php(56): CodeIgniter\Settings\Handlers\DatabaseHandler->hydrate(NULL)
#6 /Applications/XAMPP/xamppfiles/htdocs/sikumi/vendor/codeigniter4/settings/src/Settings.php(62): CodeIgniter\Settings\Handlers\DatabaseHandler->has('Config\\Auth', 'sessionConfig', NULL)
#7 /Applications/XAMPP/xamppfiles/htdocs/sikumi/vendor/codeigniter4/settings/src/Helpers/setting_helper.php(27): CodeIgniter\Settings\Settings->get('Auth.sessionCon...')
#8 /Applications/XAMPP/xamppfiles/htdocs/sikumi/vendor/codeigniter4/shield/src/Authentication/Authenticators/Session.php(682): setting('Auth.sessionCon...')
#9 /Applications/XAMPP/xamppfiles/htdocs/sikumi/vendor/codeigniter4/shield/src/Authentication/Authenticators/Session.php(700): CodeIgniter\Shield\Authentication\Authenticators\Session->getSessionUserInfo()
#10 /Applications/XAMPP/xamppfiles/htdocs/sikumi/vendor/codeigniter4/shield/src/Authentication/Authenticators/Session.php(387): CodeIgniter\Shield\Authentication\Authenticators\Session->getSessionUserKey('id')
#11 /Applications/XAMPP/xamppfiles/htdocs/sikumi/vendor/codeigniter4/shield/src/Authentication/Authenticators/Session.php(371): CodeIgniter\Shield\Authentication\Authenticators\Session->checkUserState()
#12 /Applications/XAMPP/xamppfiles/htdocs/sikumi/vendor/codeigniter4/shield/src/Filters/SessionAuth.php(54): CodeIgniter\Shield\Authentication\Authenticators\Session->loggedIn()
#13 /Applications/XAMPP/xamppfiles/htdocs/sikumi/vendor/codeigniter4/framework/system/Filters/Filters.php(241): CodeIgniter\Shield\Filters\SessionAuth->before(Object(CodeIgniter\HTTP\IncomingRequest), NULL)
#14 /Applications/XAMPP/xamppfiles/htdocs/sikumi/vendor/codeigniter4/framework/system/Filters/Filters.php(221): CodeIgniter\Filters\Filters->runBefore(Array)
#15 /Applications/XAMPP/xamppfiles/htdocs/sikumi/vendor/codeigniter4/framework/system/CodeIgniter.php(465): CodeIgniter\Filters\Filters->run('', 'before')
#16 /Applications/XAMPP/xamppfiles/htdocs/sikumi/vendor/codeigniter4/framework/system/CodeIgniter.php(340): CodeIgniter\CodeIgniter->handleRequest(NULL, Object(Config\Cache), false)
#17 /Applications/XAMPP/xamppfiles/htdocs/sikumi/vendor/codeigniter4/framework/system/Boot.php(417): CodeIgniter\CodeIgniter->run()
#18 /Applications/XAMPP/xamppfiles/htdocs/sikumi/vendor/codeigniter4/framework/system/Boot.php(68): CodeIgniter\Boot::runCodeIgniter(Object(CodeIgniter\CodeIgniter))
#19 /Applications/XAMPP/xamppfiles/htdocs/sikumi/public/index.php(59): CodeIgniter\Boot::bootWeb(Object(Config\Paths))
#20 /Applications/XAMPP/xamppfiles/htdocs/sikumi/vendor/codeigniter4/framework/system/rewrite.php(44): require_once('/Applications/X...')
#21 {main}

Next CodeIgniter\Database\Exceptions\DatabaseException: No such file or directory in /Applications/XAMPP/xamppfiles/htdocs/sikumi/vendor/codeigniter4/framework/system/Database/MySQLi/Connection.php:231
Stack trace:
#0 /Applications/XAMPP/xamppfiles/htdocs/sikumi/vendor/codeigniter4/framework/system/Database/BaseConnection.php(555): CodeIgniter\Database\MySQLi\Connection->connect(false)
#1 /Applications/XAMPP/xamppfiles/htdocs/sikumi/vendor/codeigniter4/framework/system/Database/BaseConnection.php(795): CodeIgniter\Database\BaseConnection->initialize()
#2 /Applications/XAMPP/xamppfiles/htdocs/sikumi/vendor/codeigniter4/framework/system/Database/BaseBuilder.php(1649): CodeIgniter\Database\BaseConnection->query('SELECT *\nFROM `...', Array, false)
#3 /Applications/XAMPP/xamppfiles/htdocs/sikumi/vendor/codeigniter4/settings/src/Handlers/DatabaseHandler.php(214): CodeIgniter\Database\BaseBuilder->get()
#4 /Applications/XAMPP/xamppfiles/htdocs/sikumi/vendor/codeigniter4/settings/src/Handlers/DatabaseHandler.php(56): CodeIgniter\Settings\Handlers\DatabaseHandler->hydrate(NULL)
#5 /Applications/XAMPP/xamppfiles/htdocs/sikumi/vendor/codeigniter4/settings/src/Settings.php(62): CodeIgniter\Settings\Handlers\DatabaseHandler->has('Config\\Auth', 'sessionConfig', NULL)
#6 /Applications/XAMPP/xamppfiles/htdocs/sikumi/vendor/codeigniter4/settings/src/Helpers/setting_helper.php(27): CodeIgniter\Settings\Settings->get('Auth.sessionCon...')
#7 /Applications/XAMPP/xamppfiles/htdocs/sikumi/vendor/codeigniter4/shield/src/Authentication/Authenticators/Session.php(682): setting('Auth.sessionCon...')
#8 /Applications/XAMPP/xamppfiles/htdocs/sikumi/vendor/codeigniter4/shield/src/Authentication/Authenticators/Session.php(700): CodeIgniter\Shield\Authentication\Authenticators\Session->getSessionUserInfo()
#9 /Applications/XAMPP/xamppfiles/htdocs/sikumi/vendor/codeigniter4/shield/src/Authentication/Authenticators/Session.php(387): CodeIgniter\Shield\Authentication\Authenticators\Session->getSessionUserKey('id')
#10 /Applications/XAMPP/xamppfiles/htdocs/sikumi/vendor/codeigniter4/shield/src/Authentication/Authenticators/Session.php(371): CodeIgniter\Shield\Authentication\Authenticators\Session->checkUserState()
#11 /Applications/XAMPP/xamppfiles/htdocs/sikumi/vendor/codeigniter4/shield/src/Filters/SessionAuth.php(54): CodeIgniter\Shield\Authentication\Authenticators\Session->loggedIn()
#12 /Applications/XAMPP/xamppfiles/htdocs/sikumi/vendor/codeigniter4/framework/system/Filters/Filters.php(241): CodeIgniter\Shield\Filters\SessionAuth->before(Object(CodeIgniter\HTTP\IncomingRequest), NULL)
#13 /Applications/XAMPP/xamppfiles/htdocs/sikumi/vendor/codeigniter4/framework/system/Filters/Filters.php(221): CodeIgniter\Filters\Filters->runBefore(Array)
#14 /Applications/XAMPP/xamppfiles/htdocs/sikumi/vendor/codeigniter4/framework/system/CodeIgniter.php(465): CodeIgniter\Filters\Filters->run('', 'before')
#15 /Applications/XAMPP/xamppfiles/htdocs/sikumi/vendor/codeigniter4/framework/system/CodeIgniter.php(340): CodeIgniter\CodeIgniter->handleRequest(NULL, Object(Config\Cache), false)
#16 /Applications/XAMPP/xamppfiles/htdocs/sikumi/vendor/codeigniter4/framework/system/Boot.php(417): CodeIgniter\CodeIgniter->run()
#17 /Applications/XAMPP/xamppfiles/htdocs/sikumi/vendor/codeigniter4/framework/system/Boot.php(68): CodeIgniter\Boot::runCodeIgniter(Object(CodeIgniter\CodeIgniter))
#18 /Applications/XAMPP/xamppfiles/htdocs/sikumi/public/index.php(59): CodeIgniter\Boot::bootWeb(Object(Config\Paths))
#19 /Applications/XAMPP/xamppfiles/htdocs/sikumi/vendor/codeigniter4/framework/system/rewrite.php(44): require_once('/Applications/X...')
#20 {main}
CRITICAL - 2026-05-20 00:52:09 --> CodeIgniter\Database\Exceptions\DatabaseException: Unable to connect to the database.
Main connection [MySQLi]: No such file or directory
[Method: GET, Route: /]
in SYSTEMPATH/Database/BaseConnection.php on line 606.
 1 SYSTEMPATH/Database/BaseConnection.php(795): CodeIgniter\Database\BaseConnection->initialize()
 2 SYSTEMPATH/Database/BaseBuilder.php(1649): CodeIgniter\Database\BaseConnection->query('SELECT *
FROM `settings`
WHERE `context` IS NULL', [], false)
 3 VENDORPATH/codeigniter4/settings/src/Handlers/DatabaseHandler.php(214): CodeIgniter\Database\BaseBuilder->get()
 4 VENDORPATH/codeigniter4/settings/src/Handlers/DatabaseHandler.php(56): CodeIgniter\Settings\Handlers\DatabaseHandler->hydrate(null)
 5 VENDORPATH/codeigniter4/settings/src/Settings.php(62): CodeIgniter\Settings\Handlers\DatabaseHandler->has('Config\\Auth', 'sessionConfig', null)
 6 VENDORPATH/codeigniter4/settings/src/Helpers/setting_helper.php(27): CodeIgniter\Settings\Settings->get('Auth.sessionConfig')
 7 VENDORPATH/codeigniter4/shield/src/Authentication/Authenticators/Session.php(682): setting('Auth.sessionConfig')
 8 VENDORPATH/codeigniter4/shield/src/Authentication/Authenticators/Session.php(700): CodeIgniter\Shield\Authentication\Authenticators\Session->getSessionUserInfo()
 9 VENDORPATH/codeigniter4/shield/src/Authentication/Authenticators/Session.php(387): CodeIgniter\Shield\Authentication\Authenticators\Session->getSessionUserKey('id')
10 VENDORPATH/codeigniter4/shield/src/Authentication/Authenticators/Session.php(371): CodeIgniter\Shield\Authentication\Authenticators\Session->checkUserState()
11 VENDORPATH/codeigniter4/shield/src/Filters/SessionAuth.php(54): CodeIgniter\Shield\Authentication\Authenticators\Session->loggedIn()
12 SYSTEMPATH/Filters/Filters.php(241): CodeIgniter\Shield\Filters\SessionAuth->before(Object(CodeIgniter\HTTP\IncomingRequest), null)
13 SYSTEMPATH/Filters/Filters.php(221): CodeIgniter\Filters\Filters->runBefore([...])
14 SYSTEMPATH/CodeIgniter.php(465): CodeIgniter\Filters\Filters->run('', 'before')
15 SYSTEMPATH/CodeIgniter.php(340): CodeIgniter\CodeIgniter->handleRequest(null, Object(Config\Cache), false)
16 SYSTEMPATH/Boot.php(417): CodeIgniter\CodeIgniter->run()
17 SYSTEMPATH/Boot.php(68): CodeIgniter\Boot::runCodeIgniter(Object(CodeIgniter\CodeIgniter))
18 FCPATH/index.php(59): CodeIgniter\Boot::bootWeb(Object(Config\Paths))
19 SYSTEMPATH/rewrite.php(44): require_once('/Applications/XAMPP/xamppfiles/htdocs/sikumi/public/index.php')
CRITICAL - 2026-05-20 00:52:10 --> ErrorException: Uncaught Symfony\Polyfill\Intl\Icu\Exception\MethodNotImplementedException: The Symfony\Polyfill\Intl\Icu\NumberFormatter::setPattern() is not implemented. Please install the "intl" extension for full localization capabilities. in /Applications/XAMPP/xamppfiles/htdocs/sikumi/vendor/symfony/polyfill-intl-icu/NumberFormatter.php:603
Stack trace:
#0 /Applications/XAMPP/xamppfiles/htdocs/sikumi/vendor/codeigniter4/framework/system/Helpers/number_helper.php(158): Symfony\Polyfill\Intl\Icu\NumberFormatter->setPattern('#,##0.##')
#1 /Applications/XAMPP/xamppfiles/htdocs/sikumi/vendor/codeigniter4/framework/system/Helpers/number_helper.php(60): format_number(28.5, 2, 'en', Array)
#2 /Applications/XAMPP/xamppfiles/htdocs/sikumi/vendor/codeigniter4/framework/system/Debug/BaseExceptionHandler.php(158): number_to_size(28.5, 2)
#3 /Applications/XAMPP/xamppfiles/htdocs/sikumi/app/Views/errors/html/error_exception.php(408): CodeIgniter\Debug\BaseExceptionHandler::describeMemory(29884416)
#4 /Applications/XAMPP/xamppfiles/htdocs/sikumi/vendor/codeigniter4/framework/system/Debug/BaseExceptionHandler.php(270): include('/Applications/X...')
#5 /Applications/XAMPP/xamppfiles/htdocs/sikumi/vendor/codeigniter4/framework/system/Debug/BaseExceptionHandler.php(273): CodeIgniter\Debug\BaseExceptionHandler->CodeIgniter\Debug\{closure}()
#6 /Applications/XAMPP/xamppfiles/htdocs/sikumi/vendor/codeigniter4/framework/system/Debug/ExceptionHandler.php(126): CodeIgniter\Debug\BaseExceptionHandler->render(Object(CodeIgniter\Database\Exceptions\DatabaseException), 500, '/Applications/X...')
#7 /Applications/XAMPP/xamppfiles/htdocs/sikumi/vendor/codeigniter4/framework/system/Debug/Exceptions.php(151): CodeIgniter\Debug\ExceptionHandler->handle(Object(CodeIgniter\Database\Exceptions\DatabaseException), Object(CodeIgniter\HTTP\IncomingRequest), Object(CodeIgniter\HTTP\Response), 500, 8)
#8 [internal function]: CodeIgniter\Debug\Exceptions->exceptionHandler(Object(CodeIgniter\Database\Exceptions\DatabaseException))
#9 {main}
  thrown
【Previous Exception】
CodeIgniter\Database\Exceptions\DatabaseException
Unable to connect to the database.
Main connection [MySQLi]: No such file or directory
#0 /Applications/XAMPP/xamppfiles/htdocs/sikumi/vendor/codeigniter4/framework/system/Database/BaseConnection.php(795): CodeIgniter\Database\BaseConnection->initialize()
#1 /Applications/XAMPP/xamppfiles/htdocs/sikumi/vendor/codeigniter4/framework/system/Database/BaseBuilder.php(1649): CodeIgniter\Database\BaseConnection->query('SELECT *\nFROM `...', Array, false)
#2 /Applications/XAMPP/xamppfiles/htdocs/sikumi/vendor/codeigniter4/settings/src/Handlers/DatabaseHandler.php(214): CodeIgniter\Database\BaseBuilder->get()
#3 /Applications/XAMPP/xamppfiles/htdocs/sikumi/vendor/codeigniter4/settings/src/Handlers/DatabaseHandler.php(56): CodeIgniter\Settings\Handlers\DatabaseHandler->hydrate(NULL)
#4 /Applications/XAMPP/xamppfiles/htdocs/sikumi/vendor/codeigniter4/settings/src/Settings.php(62): CodeIgniter\Settings\Handlers\DatabaseHandler->has('Config\\Auth', 'sessionConfig', NULL)
#5 /Applications/XAMPP/xamppfiles/htdocs/sikumi/vendor/codeigniter4/settings/src/Helpers/setting_helper.php(27): CodeIgniter\Settings\Settings->get('Auth.sessionCon...')
#6 /Applications/XAMPP/xamppfiles/htdocs/sikumi/vendor/codeigniter4/shield/src/Authentication/Authenticators/Session.php(682): setting('Auth.sessionCon...')
#7 /Applications/XAMPP/xamppfiles/htdocs/sikumi/vendor/codeigniter4/shield/src/Authentication/Authenticators/Session.php(700): CodeIgniter\Shield\Authentication\Authenticators\Session->getSessionUserInfo()
#8 /Applications/XAMPP/xamppfiles/htdocs/sikumi/vendor/codeigniter4/shield/src/Authentication/Authenticators/Session.php(387): CodeIgniter\Shield\Authentication\Authenticators\Session->getSessionUserKey('id')
#9 /Applications/XAMPP/xamppfiles/htdocs/sikumi/vendor/codeigniter4/shield/src/Authentication/Authenticators/Session.php(371): CodeIgniter\Shield\Authentication\Authenticators\Session->checkUserState()
#10 /Applications/XAMPP/xamppfiles/htdocs/sikumi/vendor/codeigniter4/shield/src/Filters/SessionAuth.php(54): CodeIgniter\Shield\Authentication\Authenticators\Session->loggedIn()
#11 /Applications/XAMPP/xamppfiles/htdocs/sikumi/vendor/codeigniter4/framework/system/Filters/Filters.php(241): CodeIgniter\Shield\Filters\SessionAuth->before(Object(CodeIgniter\HTTP\IncomingRequest), NULL)
#12 /Applications/XAMPP/xamppfiles/htdocs/sikumi/vendor/codeigniter4/framework/system/Filters/Filters.php(221): CodeIgniter\Filters\Filters->runBefore(Array)
#13 /Applications/XAMPP/xamppfiles/htdocs/sikumi/vendor/codeigniter4/framework/system/CodeIgniter.php(465): CodeIgniter\Filters\Filters->run('', 'before')
#14 /Applications/XAMPP/xamppfiles/htdocs/sikumi/vendor/codeigniter4/framework/system/CodeIgniter.php(340): CodeIgniter\CodeIgniter->handleRequest(NULL, Object(Config\Cache), false)
#15 /Applications/XAMPP/xamppfiles/htdocs/sikumi/vendor/codeigniter4/framework/system/Boot.php(417): CodeIgniter\CodeIgniter->run()
#16 /Applications/XAMPP/xamppfiles/htdocs/sikumi/vendor/codeigniter4/framework/system/Boot.php(68): CodeIgniter\Boot::runCodeIgniter(Object(CodeIgniter\CodeIgniter))
#17 /Applications/XAMPP/xamppfiles/htdocs/sikumi/public/index.php(59): CodeIgniter\Boot::bootWeb(Object(Config\Paths))
#18 /Applications/XAMPP/xamppfiles/htdocs/sikumi/vendor/codeigniter4/framework/system/rewrite.php(44): require_once('/Applications/X...')
#19 {main}
[Method: GET, Route: /]
in VENDORPATH/symfony/polyfill-intl-icu/NumberFormatter.php on line 603.
 1 [internal function]: CodeIgniter\Debug\Exceptions->shutdownHandler()
DEBUG - 2026-05-20 00:53:03 --> Session: Class initialized using 'CodeIgniter\Session\Handlers\FileHandler' driver.
DEBUG - 2026-05-20 01:00:54 --> Session: Class initialized using 'CodeIgniter\Session\Handlers\FileHandler' driver.
DEBUG - 2026-05-20 01:02:43 --> Session: Class initialized using 'CodeIgniter\Session\Handlers\FileHandler' driver.
DEBUG - 2026-05-20 01:02:44 --> Session: Class initialized using 'CodeIgniter\Session\Handlers\FileHandler' driver.
DEBUG - 2026-05-20 01:02:49 --> Session: Class initialized using 'CodeIgniter\Session\Handlers\FileHandler' driver.
DEBUG - 2026-05-20 01:03:03 --> Session: Class initialized using 'CodeIgniter\Session\Handlers\FileHandler' driver.
DEBUG - 2026-05-20 01:03:06 --> Session: Class initialized using 'CodeIgniter\Session\Handlers\FileHandler' driver.
DEBUG - 2026-05-20 01:03:09 --> Session: Class initialized using 'CodeIgniter\Session\Handlers\FileHandler' driver.
DEBUG - 2026-05-20 02:31:28 --> Session: Class initialized using 'CodeIgniter\Session\Handlers\FileHandler' driver.
DEBUG - 2026-05-20 02:31:42 --> Session: Class initialized using 'CodeIgniter\Session\Handlers\FileHandler' driver.
DEBUG - 2026-05-20 02:31:47 --> Session: Class initialized using 'CodeIgniter\Session\Handlers\FileHandler' driver.
DEBUG - 2026-05-20 02:31:47 --> Session: Class initialized using 'CodeIgniter\Session\Handlers\FileHandler' driver.
